
Discarded input sections

 .text          0x0000000000000000      0x100 build/boot.o
 .data          0x0000000000000000        0x0 build/boot.o
 .rodata        0x0000000000000000       0x4c build/boot.o
 .text          0x0000000000000000       0x1c build/boot_start.o
 .data          0x0000000000000000        0x0 build/boot_start.o
 .bss           0x0000000000000000        0x0 build/boot_start.o
 .debug_info    0x0000000000000000       0x81 build/boot_start.o
 .debug_abbrev  0x0000000000000000       0x41 build/boot_start.o
 .debug_aranges
                0x0000000000000000       0x30 build/boot_start.o
 .debug_line    0x0000000000000000       0x50 build/boot_start.o
 .debug_str     0x0000000000000000       0xd5 build/boot_start.o
 .debug_line_str
                0x0000000000000000       0x41 build/boot_start.o
 .comment       0x0000000000000000       0x1c build/boot_start.o
 .debug_frame   0x0000000000000000       0x40 build/boot_start.o
 .riscv.attributes
                0x0000000000000000       0x30 build/boot_start.o
 .data          0x0000000000000000        0x0 build/handler.o
 .sdata         0x0000000000000000        0x8 build/handler.o
 .data          0x0000000000000000        0x0 build/main.o
 .bss           0x0000000000000000        0x0 build/main.o
 .sdata         0x0000000000000000        0x8 build/main.o
 .bss           0x0000000000000000        0x0 build/mcause.o
 .data          0x0000000000000000        0x0 build/mstatus.o
 .bss           0x0000000000000000        0x0 build/mstatus.o
 .data          0x0000000000000000        0x0 build/printf.o
 .bss           0x0000000000000000        0x0 build/printf.o
 .text          0x0000000000000000       0x58 build/putchar.o
 .data          0x0000000000000000        0x0 build/putchar.o
 .bss           0x0000000000000000        0x0 build/putchar.o
 .debug_info    0x0000000000000000       0xcc build/putchar.o
 .debug_abbrev  0x0000000000000000       0x7d build/putchar.o
 .debug_aranges
                0x0000000000000000       0x30 build/putchar.o
 .debug_line    0x0000000000000000       0x7d build/putchar.o
 .debug_str     0x0000000000000000      0x110 build/putchar.o
 .debug_line_str
                0x0000000000000000       0x8d build/putchar.o
 .comment       0x0000000000000000       0x1c build/putchar.o
 .debug_frame   0x0000000000000000       0x40 build/putchar.o
 .riscv.attributes
                0x0000000000000000       0x30 build/putchar.o
 .text          0x0000000000000000       0xb0 build/puts.o
 .data          0x0000000000000000        0x0 build/puts.o
 .bss           0x0000000000000000        0x0 build/puts.o
 .debug_info    0x0000000000000000      0x136 build/puts.o
 .debug_abbrev  0x0000000000000000       0xc3 build/puts.o
 .debug_aranges
                0x0000000000000000       0x30 build/puts.o
 .debug_line    0x0000000000000000       0xaf build/puts.o
 .debug_str     0x0000000000000000      0x121 build/puts.o
 .debug_line_str
                0x0000000000000000       0xcc build/puts.o
 .comment       0x0000000000000000       0x1c build/puts.o
 .debug_frame   0x0000000000000000       0x40 build/puts.o
 .riscv.attributes
                0x0000000000000000       0x30 build/puts.o
 .data          0x0000000000000000        0x0 build/sprintf.o
 .bss           0x0000000000000000        0x0 build/sprintf.o
 .data          0x0000000000000000        0x0 build/uart.o
 .bss           0x0000000000000000        0x0 build/uart.o
 .text          0x0000000000000000      0x3b8 build/virt_plic.o
 .data          0x0000000000000000        0x0 build/virt_plic.o
 .bss           0x0000000000000000        0x0 build/virt_plic.o
 .debug_info    0x0000000000000000      0x286 build/virt_plic.o
 .debug_abbrev  0x0000000000000000       0xe5 build/virt_plic.o
 .debug_aranges
                0x0000000000000000       0x30 build/virt_plic.o
 .debug_line    0x0000000000000000      0x199 build/virt_plic.o
 .debug_str     0x0000000000000000      0x18e build/virt_plic.o
 .debug_line_str
                0x0000000000000000       0x9d build/virt_plic.o
 .comment       0x0000000000000000       0x1c build/virt_plic.o
 .debug_frame   0x0000000000000000      0x160 build/virt_plic.o
 .riscv.attributes
                0x0000000000000000       0x30 build/virt_plic.o
 .data          0x0000000000000000        0x0 build/vprintf.o
 .bss           0x0000000000000000        0x0 build/vprintf.o

Memory Configuration

Name             Origin             Length             Attributes
ram              0x0000000080000000 0x0000000040000000 axrw
*default*        0x0000000000000000 0xffffffffffffffff

Linker script and memory map

LOAD build/boot.o
LOAD build/boot_start.o
LOAD build/handler.o
LOAD build/main.o
LOAD build/mcause.o
LOAD build/mstatus.o
LOAD build/printf.o
LOAD build/putchar.o
LOAD build/puts.o
LOAD build/sprintf.o
LOAD build/uart.o
LOAD build/virt_plic.o
LOAD build/vprintf.o
                0x0000000080000000                . = 0x80000000

.text           0x0000000080000000     0x15e0
                [!provide]                        PROVIDE (_text_start = .)
 *(.text.init)
 .text.init     0x0000000080000000      0x6dc build/boot.o
                0x0000000080000000                _start
 *(.text .text.*)
 .text          0x00000000800006dc       0x68 build/handler.o
                0x00000000800006dc                timer_handler
 .text          0x0000000080000744       0x30 build/main.o
                0x0000000080000744                kmain
 .text          0x0000000080000774      0x144 build/mcause.o
                0x0000000080000774                m_display_trap_cause
                0x0000000080000834                s_display_trap_cause
 .text          0x00000000800008b8      0x16c build/mstatus.o
                0x00000000800008b8                display_current_mode
                0x0000000080000964                dispaly_mstatus
                0x00000000800009a4                dispaly_sstatus
                0x00000000800009e4                dispaly_misa
 .text          0x0000000080000a24       0x78 build/printf.o
                0x0000000080000a24                printf
 .text          0x0000000080000a9c      0x75c build/sprintf.o
                0x0000000080000a9c                vsnprintf
                0x00000000800010b8                vsprintf
                0x0000000080001104                sprintf
                0x000000008000117c                snprintf
 .text          0x00000000800011f8      0x338 build/uart.o
                0x00000000800011f8                uart_init
                0x000000008000138c                putChar
                0x00000000800013c8                putint
                0x0000000080001420                intTochar
                0x0000000080001454                printInt
                0x00000000800014d8                print
 .text          0x0000000080001530       0xb0 build/vprintf.o
                0x0000000080001530                vprintf
                [!provide]                        PROVIDE (_text_end = .)
                [!provide]                        PROVIDE (_global_pointer = .)

.bss            0x00000000800015e0     0x1408
                [!provide]                        PROVIDE (_bss_start = .)
 *(.sbss .sbss.*)
 *(.bss .bss.*)
 .bss           0x00000000800015e0     0x1400 build/boot.o
                0x00000000800015e0                _scrachpad
                0x00000000800019e0                _stacks
                0x00000000800021e0                _mtrap_stacks
 .bss           0x00000000800029e0        0x8 build/handler.o
                [!provide]                        PROVIDE (_bss_end = .)

.rodata         0x00000000800029e8      0x3d7
                [!provide]                        PROVIDE (_rodata_start = .)
 *(.rodata .rodata.*)
 .rodata        0x00000000800029e8       0x25 build/handler.o
 *fill*         0x0000000080002a0d        0x3 
 .rodata        0x0000000080002a10       0x12 build/main.o
 *fill*         0x0000000080002a22        0x6 
 .rodata        0x0000000080002a28      0x278 build/mcause.o
 .rodata        0x0000000080002ca0       0x75 build/mstatus.o
 *fill*         0x0000000080002d15        0x3 
 .rodata        0x0000000080002d18       0x58 build/sprintf.o
 .rodata        0x0000000080002d70       0x4f build/uart.o
                [!provide]                        PROVIDE (_rodata_end = .)

.data           0x0000000080002dc0      0x320
                0x0000000080003000                . = ALIGN (0x1000)
 *fill*         0x0000000080002dc0      0x240 
                [!provide]                        PROVIDE (_data_start = .)
 *(.sdata .sdata.*)
 .sdata         0x0000000080003000        0x8 build/uart.o
 *(.data .data.*)
 .data          0x0000000080003008       0xd8 build/mcause.o
                0x0000000080003008                cause_to_string
                [!provide]                        PROVIDE (_data_end = .)
                [!provide]                        PROVIDE (_memory_start = ORIGIN (ram))
                [!provide]                        PROVIDE (_memory_end = (ORIGIN (ram) + LENGTH (ram)))
                [!provide]                        PROVIDE (_heap_end = (_memory_end - 0x1000))
                [!provide]                        PROVIDE (_heap_counter = (_heap_end + 0x8))
OUTPUT(kernel.elf elf64-littleriscv)

.riscv.attributes
                0x0000000000000000       0x34
 .riscv.attributes
                0x0000000000000000       0x32 build/boot.o
 .riscv.attributes
                0x0000000000000032       0x30 build/handler.o
 .riscv.attributes
                0x0000000000000062       0x30 build/main.o
 .riscv.attributes
                0x0000000000000092       0x34 build/mcause.o
 .riscv.attributes
                0x00000000000000c6       0x34 build/mstatus.o
 .riscv.attributes
                0x00000000000000fa       0x30 build/printf.o
 .riscv.attributes
                0x000000000000012a       0x30 build/sprintf.o
 .riscv.attributes
                0x000000000000015a       0x30 build/uart.o
 .riscv.attributes
                0x000000000000018a       0x30 build/vprintf.o

.comment        0x0000000000000000       0x1b
 .comment       0x0000000000000000       0x1b build/handler.o
                                         0x1c (size before relaxing)
 .comment       0x000000000000001b       0x1c build/main.o
 .comment       0x000000000000001b       0x1c build/mcause.o
 .comment       0x000000000000001b       0x1c build/mstatus.o
 .comment       0x000000000000001b       0x1c build/printf.o
 .comment       0x000000000000001b       0x1c build/sprintf.o
 .comment       0x000000000000001b       0x1c build/uart.o
 .comment       0x000000000000001b       0x1c build/vprintf.o

.debug_line     0x0000000000000000     0x1158
 .debug_line    0x0000000000000000      0x492 build/boot.o
 .debug_line    0x0000000000000492       0x7c build/handler.o
 .debug_line    0x000000000000050e       0x88 build/main.o
 .debug_line    0x0000000000000596      0x103 build/mcause.o
 .debug_line    0x0000000000000699      0x110 build/mstatus.o
 .debug_line    0x00000000000007a9       0x88 build/printf.o
 .debug_line    0x0000000000000831      0x63c build/sprintf.o
 .debug_line    0x0000000000000e6d      0x246 build/uart.o
 .debug_line    0x00000000000010b3       0xa5 build/vprintf.o

.debug_line_str
                0x0000000000000000      0x176
 .debug_line_str
                0x0000000000000000       0x3f build/boot.o
 .debug_line_str
                0x000000000000003f       0x59 build/handler.o
                                         0x99 (size before relaxing)
 .debug_line_str
                0x0000000000000098        0x7 build/main.o
                                         0x90 (size before relaxing)
 .debug_line_str
                0x000000000000009f       0x33 build/mcause.o
                                         0xb4 (size before relaxing)
 .debug_line_str
                0x00000000000000d2       0x10 build/mstatus.o
                                         0xae (size before relaxing)
 .debug_line_str
                0x00000000000000e2       0x5f build/printf.o
                                         0xc9 (size before relaxing)
 .debug_line_str
                0x0000000000000141       0x19 build/sprintf.o
                                         0xa6 (size before relaxing)
 .debug_line_str
                0x000000000000015a        0xc build/uart.o
                                         0x95 (size before relaxing)
 .debug_line_str
                0x0000000000000166       0x10 build/vprintf.o
                                         0xd5 (size before relaxing)

.debug_info     0x0000000000000000      0xdec
 .debug_info    0x0000000000000000       0x29 build/boot.o
 .debug_info    0x0000000000000029       0xfa build/handler.o
 .debug_info    0x0000000000000123      0x104 build/main.o
 .debug_info    0x0000000000000227      0x180 build/mcause.o
 .debug_info    0x00000000000003a7      0x1b5 build/mstatus.o
 .debug_info    0x000000000000055c      0x112 build/printf.o
 .debug_info    0x000000000000066e      0x3a5 build/sprintf.o
 .debug_info    0x0000000000000a13      0x27d build/uart.o
 .debug_info    0x0000000000000c90      0x15c build/vprintf.o

.debug_abbrev   0x0000000000000000      0x6a3
 .debug_abbrev  0x0000000000000000       0x14 build/boot.o
 .debug_abbrev  0x0000000000000014       0x9c build/handler.o
 .debug_abbrev  0x00000000000000b0       0xc0 build/main.o
 .debug_abbrev  0x0000000000000170       0xee build/mcause.o
 .debug_abbrev  0x000000000000025e       0xca build/mstatus.o
 .debug_abbrev  0x0000000000000328       0xb3 build/printf.o
 .debug_abbrev  0x00000000000003db       0xee build/sprintf.o
 .debug_abbrev  0x00000000000004c9      0x10d build/uart.o
 .debug_abbrev  0x00000000000005d6       0xcd build/vprintf.o

.debug_aranges  0x0000000000000000      0x1b0
 .debug_aranges
                0x0000000000000000       0x30 build/boot.o
 .debug_aranges
                0x0000000000000030       0x30 build/handler.o
 .debug_aranges
                0x0000000000000060       0x30 build/main.o
 .debug_aranges
                0x0000000000000090       0x30 build/mcause.o
 .debug_aranges
                0x00000000000000c0       0x30 build/mstatus.o
 .debug_aranges
                0x00000000000000f0       0x30 build/printf.o
 .debug_aranges
                0x0000000000000120       0x30 build/sprintf.o
 .debug_aranges
                0x0000000000000150       0x30 build/uart.o
 .debug_aranges
                0x0000000000000180       0x30 build/vprintf.o

.debug_str      0x0000000000000000      0x2aa
 .debug_str     0x0000000000000000       0x29 build/boot.o
 .debug_str     0x0000000000000029       0xd7 build/handler.o
                                        0x117 (size before relaxing)
 .debug_str     0x0000000000000100       0x19 build/main.o
                                        0x10e (size before relaxing)
 .debug_str     0x0000000000000119       0x59 build/mcause.o
                                        0x152 (size before relaxing)
 .debug_str     0x0000000000000172       0x42 build/mstatus.o
                                        0x143 (size before relaxing)
 .debug_str     0x00000000000001b4       0x40 build/printf.o
                                        0x138 (size before relaxing)
 .debug_str     0x00000000000001f4       0x3d build/sprintf.o
                                        0x130 (size before relaxing)
 .debug_str     0x0000000000000231       0x79 build/uart.o
                                        0x171 (size before relaxing)
 .debug_str     0x00000000000002aa      0x148 build/vprintf.o

.debug_frame    0x0000000000000000      0x498
 .debug_frame   0x0000000000000000       0x40 build/handler.o
 .debug_frame   0x0000000000000040       0x38 build/main.o
 .debug_frame   0x0000000000000078       0x70 build/mcause.o
 .debug_frame   0x00000000000000e8       0xd0 build/mstatus.o
 .debug_frame   0x00000000000001b8       0x40 build/printf.o
 .debug_frame   0x00000000000001f8       0xd0 build/sprintf.o
 .debug_frame   0x00000000000002c8      0x190 build/uart.o
 .debug_frame   0x0000000000000458       0x40 build/vprintf.o
