
Discarded input sections

 .text          0x0000000000000000       0x10 build/boot.o
 .bss           0x0000000000000000        0x0 build/boot.o
 .data          0x0000000000000000        0x0 build/boot_start.o
 .bss           0x0000000000000000        0x0 build/boot_start.o
 .data          0x0000000000000000        0x0 build/handler.o
 .bss           0x0000000000000000        0x0 build/handler.o
 .data          0x0000000000000000        0x0 build/main.o
 .bss           0x0000000000000000        0x0 build/main.o
 .data          0x0000000000000000        0x0 build/printf.o
 .bss           0x0000000000000000        0x0 build/printf.o
 .text          0x0000000000000000       0x58 build/putchar.o
 .data          0x0000000000000000        0x0 build/putchar.o
 .bss           0x0000000000000000        0x0 build/putchar.o
 .debug_info    0x0000000000000000       0xcc build/putchar.o
 .debug_abbrev  0x0000000000000000       0x7d build/putchar.o
 .debug_aranges
                0x0000000000000000       0x30 build/putchar.o
 .debug_line    0x0000000000000000       0x7d build/putchar.o
 .debug_str     0x0000000000000000      0x110 build/putchar.o
 .debug_line_str
                0x0000000000000000       0x8d build/putchar.o
 .comment       0x0000000000000000       0x1c build/putchar.o
 .debug_frame   0x0000000000000000       0x40 build/putchar.o
 .riscv.attributes
                0x0000000000000000       0x30 build/putchar.o
 .text          0x0000000000000000       0xb0 build/puts.o
 .data          0x0000000000000000        0x0 build/puts.o
 .bss           0x0000000000000000        0x0 build/puts.o
 .debug_info    0x0000000000000000      0x13c build/puts.o
 .debug_abbrev  0x0000000000000000       0xad build/puts.o
 .debug_aranges
                0x0000000000000000       0x30 build/puts.o
 .debug_line    0x0000000000000000       0xaf build/puts.o
 .debug_str     0x0000000000000000      0x121 build/puts.o
 .debug_line_str
                0x0000000000000000       0xcc build/puts.o
 .comment       0x0000000000000000       0x1c build/puts.o
 .debug_frame   0x0000000000000000       0x40 build/puts.o
 .riscv.attributes
                0x0000000000000000       0x30 build/puts.o
 .data          0x0000000000000000        0x0 build/sprintf.o
 .bss           0x0000000000000000        0x0 build/sprintf.o
 .data          0x0000000000000000        0x0 build/uart.o
 .bss           0x0000000000000000        0x0 build/uart.o
 .data          0x0000000000000000        0x0 build/virt_plic.o
 .bss           0x0000000000000000        0x0 build/virt_plic.o
 .data          0x0000000000000000        0x0 build/vprintf.o
 .bss           0x0000000000000000        0x0 build/vprintf.o

Memory Configuration

Name             Origin             Length             Attributes
ram              0x0000000080000000 0x0000000040000000 axrw
*default*        0x0000000000000000 0xffffffffffffffff

Linker script and memory map

LOAD build/boot.o
LOAD build/boot_start.o
LOAD build/handler.o
LOAD build/main.o
LOAD build/printf.o
LOAD build/putchar.o
LOAD build/puts.o
LOAD build/sprintf.o
LOAD build/uart.o
LOAD build/virt_plic.o
LOAD build/vprintf.o
                0x0000000080000000                . = 0x80000000

.text           0x0000000080000000     0x15f4
                [!provide]                        PROVIDE (_text_start = .)
 *(.text.init)
 .text.init     0x0000000080000000      0x6d0 build/boot.o
                0x0000000080000000                _start
 *(.text .text.*)
 .text          0x00000000800006d0       0x38 build/boot_start.o
                0x00000000800006d0                boot_start
 .text          0x0000000080000708       0x7c build/handler.o
                0x0000000080000708                timer_handler
 .text          0x0000000080000784       0x34 build/main.o
                0x0000000080000784                kmain
 .text          0x00000000800007b8       0x78 build/printf.o
                0x00000000800007b8                printf
 .text          0x0000000080000830      0x75c build/sprintf.o
                0x0000000080000830                vsnprintf
                0x0000000080000e4c                vsprintf
                0x0000000080000e98                sprintf
                0x0000000080000f10                snprintf
 .text          0x0000000080000f8c      0x200 build/uart.o
                0x0000000080000f8c                uart_init
                0x0000000080000fe8                putChar
                0x0000000080001024                putint
                0x000000008000107c                intTochar
                0x00000000800010b0                printInt
                0x0000000080001134                print
 .text          0x000000008000118c      0x3b8 build/virt_plic.o
                0x000000008000118c                plic_set_priority
                0x00000000800011f4                plic_set_threshold
                0x0000000080001284                plic_enable
                0x0000000080001330                plic_desable
                0x000000008000141c                plic_claim
                0x0000000080001498                plic_complete
                0x0000000080001528                plic_config
 .text          0x0000000080001544       0xb0 build/vprintf.o
                0x0000000080001544                vprintf
                [!provide]                        PROVIDE (_text_end = .)
                [!provide]                        PROVIDE (_global_pointer = .)

.bss            0x00000000800015f8        0x8
                [!provide]                        PROVIDE (_bss_start = .)
 *(.sbss .sbss.*)
 .sbss          0x00000000800015f8        0x8 build/handler.o
                0x00000000800015f8                roundNumer
 *(.bss .bss.*)
                [!provide]                        PROVIDE (_bss_end = .)

.rodata         0x0000000080001600      0x147
                [!provide]                        PROVIDE (_rodata_start = .)
 *(.rodata .rodata.*)
 .rodata        0x0000000080001600       0x56 build/boot.o
 *fill*         0x0000000080001656        0x2 
 .rodata        0x0000000080001658       0x25 build/handler.o
 *fill*         0x000000008000167d        0x3 
 .rodata        0x0000000080001680       0x1d build/main.o
 *fill*         0x000000008000169d        0x3 
 .rodata        0x00000000800016a0       0x58 build/sprintf.o
 .rodata        0x00000000800016f8       0x4f build/uart.o
                [!provide]                        PROVIDE (_rodata_end = .)

.data           0x0000000080001750     0x14b0
                0x0000000080002000                . = ALIGN (0x1000)
 *fill*         0x0000000080001750      0x8b0 
                [!provide]                        PROVIDE (_data_start = .)
 *(.sdata .sdata.*)
 *(.data .data.*)
 .data          0x0000000080002000      0xc00 build/boot.o
                0x0000000080002000                _scrachpad
                0x0000000080002400                _stacks
                [!provide]                        PROVIDE (_data_end = .)
                [!provide]                        PROVIDE (_memory_start = ORIGIN (ram))
                [!provide]                        PROVIDE (_memory_end = (ORIGIN (ram) + LENGTH (ram)))
                [!provide]                        PROVIDE (_heap_end = (_memory_end - 0x1000))
                [!provide]                        PROVIDE (_heap_counter = (_heap_end + 0x8))
OUTPUT(kernel.elf elf64-littleriscv)

.riscv.attributes
                0x0000000000000000       0x34
 .riscv.attributes
                0x0000000000000000       0x32 build/boot.o
 .riscv.attributes
                0x0000000000000032       0x34 build/boot_start.o
 .riscv.attributes
                0x0000000000000066       0x30 build/handler.o
 .riscv.attributes
                0x0000000000000096       0x30 build/main.o
 .riscv.attributes
                0x00000000000000c6       0x30 build/printf.o
 .riscv.attributes
                0x00000000000000f6       0x30 build/sprintf.o
 .riscv.attributes
                0x0000000000000126       0x30 build/uart.o
 .riscv.attributes
                0x0000000000000156       0x30 build/virt_plic.o
 .riscv.attributes
                0x0000000000000186       0x30 build/vprintf.o

.comment        0x0000000000000000       0x1b
 .comment       0x0000000000000000       0x1b build/boot_start.o
                                         0x1c (size before relaxing)
 .comment       0x000000000000001b       0x1c build/handler.o
 .comment       0x000000000000001b       0x1c build/main.o
 .comment       0x000000000000001b       0x1c build/printf.o
 .comment       0x000000000000001b       0x1c build/sprintf.o
 .comment       0x000000000000001b       0x1c build/uart.o
 .comment       0x000000000000001b       0x1c build/virt_plic.o
 .comment       0x000000000000001b       0x1c build/vprintf.o

.debug_line     0x0000000000000000     0x102f
 .debug_line    0x0000000000000000      0x47a build/boot.o
 .debug_line    0x000000000000047a       0x6e build/boot_start.o
 .debug_line    0x00000000000004e8       0x75 build/handler.o
 .debug_line    0x000000000000055d       0x69 build/main.o
 .debug_line    0x00000000000005c6       0x88 build/printf.o
 .debug_line    0x000000000000064e      0x640 build/sprintf.o
 .debug_line    0x0000000000000c8e      0x167 build/uart.o
 .debug_line    0x0000000000000df5      0x195 build/virt_plic.o
 .debug_line    0x0000000000000f8a       0xa5 build/vprintf.o

.debug_line_str
                0x0000000000000000      0x15a
 .debug_line_str
                0x0000000000000000       0x3f build/boot.o
 .debug_line_str
                0x000000000000003f       0x56 build/boot_start.o
                                         0x90 (size before relaxing)
 .debug_line_str
                0x0000000000000095        0xa build/handler.o
                                         0x8d (size before relaxing)
 .debug_line_str
                0x000000000000009f       0x13 build/main.o
                                         0x4d (size before relaxing)
 .debug_line_str
                0x00000000000000b2       0x67 build/printf.o
                                         0xc9 (size before relaxing)
 .debug_line_str
                0x0000000000000119       0x19 build/sprintf.o
                                         0xa6 (size before relaxing)
 .debug_line_str
                0x0000000000000132        0xc build/uart.o
                                         0x8e (size before relaxing)
 .debug_line_str
                0x000000000000013e        0xc build/virt_plic.o
                                         0x93 (size before relaxing)
 .debug_line_str
                0x000000000000014a       0x10 build/vprintf.o
                                         0xd5 (size before relaxing)

.debug_info     0x0000000000000000      0xccb
 .debug_info    0x0000000000000000       0x29 build/boot.o
 .debug_info    0x0000000000000029       0xa9 build/boot_start.o
 .debug_info    0x00000000000000d2       0xda build/handler.o
 .debug_info    0x00000000000001ac       0xbc build/main.o
 .debug_info    0x0000000000000268      0x112 build/printf.o
 .debug_info    0x000000000000037a      0x3a5 build/sprintf.o
 .debug_info    0x000000000000071f      0x1c6 build/uart.o
 .debug_info    0x00000000000008e5      0x286 build/virt_plic.o
 .debug_info    0x0000000000000b6b      0x160 build/vprintf.o

.debug_abbrev   0x0000000000000000      0x5b0
 .debug_abbrev  0x0000000000000000       0x14 build/boot.o
 .debug_abbrev  0x0000000000000014       0x6c build/boot_start.o
 .debug_abbrev  0x0000000000000080       0x96 build/handler.o
 .debug_abbrev  0x0000000000000116       0x7e build/main.o
 .debug_abbrev  0x0000000000000194       0xb3 build/printf.o
 .debug_abbrev  0x0000000000000247       0xee build/sprintf.o
 .debug_abbrev  0x0000000000000335       0xc7 build/uart.o
 .debug_abbrev  0x00000000000003fc       0xe5 build/virt_plic.o
 .debug_abbrev  0x00000000000004e1       0xcf build/vprintf.o

.debug_aranges  0x0000000000000000      0x1b0
 .debug_aranges
                0x0000000000000000       0x30 build/boot.o
 .debug_aranges
                0x0000000000000030       0x30 build/boot_start.o
 .debug_aranges
                0x0000000000000060       0x30 build/handler.o
 .debug_aranges
                0x0000000000000090       0x30 build/main.o
 .debug_aranges
                0x00000000000000c0       0x30 build/printf.o
 .debug_aranges
                0x00000000000000f0       0x30 build/sprintf.o
 .debug_aranges
                0x0000000000000120       0x30 build/uart.o
 .debug_aranges
                0x0000000000000150       0x30 build/virt_plic.o
 .debug_aranges
                0x0000000000000180       0x30 build/vprintf.o

.debug_str      0x0000000000000000      0x271
 .debug_str     0x0000000000000000       0x29 build/boot.o
 .debug_str     0x0000000000000029       0xb7 build/boot_start.o
                                         0xeb (size before relaxing)
 .debug_str     0x00000000000000e0       0x3c build/handler.o
                                        0x112 (size before relaxing)
 .debug_str     0x000000000000011c       0x16 build/main.o
                                         0xff (size before relaxing)
 .debug_str     0x0000000000000132       0x40 build/printf.o
                                        0x138 (size before relaxing)
 .debug_str     0x0000000000000172       0x3d build/sprintf.o
                                        0x130 (size before relaxing)
 .debug_str     0x00000000000001af       0x2a build/uart.o
                                        0x123 (size before relaxing)
 .debug_str     0x00000000000001d9       0x98 build/virt_plic.o
                                        0x18e (size before relaxing)
 .debug_str     0x0000000000000271      0x148 build/vprintf.o

.debug_frame    0x0000000000000000      0x4a0
 .debug_frame   0x0000000000000000       0x40 build/boot_start.o
 .debug_frame   0x0000000000000040       0x40 build/handler.o
 .debug_frame   0x0000000000000080       0x40 build/main.o
 .debug_frame   0x00000000000000c0       0x40 build/printf.o
 .debug_frame   0x0000000000000100       0xd0 build/sprintf.o
 .debug_frame   0x00000000000001d0      0x130 build/uart.o
 .debug_frame   0x0000000000000300      0x160 build/virt_plic.o
 .debug_frame   0x0000000000000460       0x40 build/vprintf.o
