
Discarded input sections

 .text          0x0000000000000000       0x10 build/boot.o
 .bss           0x0000000000000000        0x0 build/boot.o
 .data          0x0000000000000000        0x0 build/handler.o
 .bss           0x0000000000000000        0x0 build/handler.o
 .data          0x0000000000000000        0x0 build/main.o
 .bss           0x0000000000000000        0x0 build/main.o
 .data          0x0000000000000000        0x0 build/printf.o
 .bss           0x0000000000000000        0x0 build/printf.o
 .text          0x0000000000000000       0x58 build/putchar.o
 .data          0x0000000000000000        0x0 build/putchar.o
 .bss           0x0000000000000000        0x0 build/putchar.o
 .debug_info    0x0000000000000000       0xcc build/putchar.o
 .debug_abbrev  0x0000000000000000       0x7d build/putchar.o
 .debug_aranges
                0x0000000000000000       0x30 build/putchar.o
 .debug_line    0x0000000000000000       0x7d build/putchar.o
 .debug_str     0x0000000000000000      0x110 build/putchar.o
 .debug_line_str
                0x0000000000000000       0x8d build/putchar.o
 .comment       0x0000000000000000       0x1c build/putchar.o
 .debug_frame   0x0000000000000000       0x40 build/putchar.o
 .riscv.attributes
                0x0000000000000000       0x30 build/putchar.o
 .text          0x0000000000000000       0xb0 build/puts.o
 .data          0x0000000000000000        0x0 build/puts.o
 .bss           0x0000000000000000        0x0 build/puts.o
 .debug_info    0x0000000000000000      0x13c build/puts.o
 .debug_abbrev  0x0000000000000000       0xad build/puts.o
 .debug_aranges
                0x0000000000000000       0x30 build/puts.o
 .debug_line    0x0000000000000000       0xaf build/puts.o
 .debug_str     0x0000000000000000      0x121 build/puts.o
 .debug_line_str
                0x0000000000000000       0xcc build/puts.o
 .comment       0x0000000000000000       0x1c build/puts.o
 .debug_frame   0x0000000000000000       0x40 build/puts.o
 .riscv.attributes
                0x0000000000000000       0x30 build/puts.o
 .data          0x0000000000000000        0x0 build/sprintf.o
 .bss           0x0000000000000000        0x0 build/sprintf.o
 .data          0x0000000000000000        0x0 build/uart.o
 .bss           0x0000000000000000        0x0 build/uart.o
 .data          0x0000000000000000        0x0 build/vprintf.o
 .bss           0x0000000000000000        0x0 build/vprintf.o

Memory Configuration

Name             Origin             Length             Attributes
ram              0x0000000080000000 0x0000000040000000 axrw
*default*        0x0000000000000000 0xffffffffffffffff

Linker script and memory map

LOAD build/boot.o
LOAD build/handler.o
LOAD build/main.o
LOAD build/printf.o
LOAD build/putchar.o
LOAD build/puts.o
LOAD build/sprintf.o
LOAD build/uart.o
LOAD build/vprintf.o
                0x0000000080000000                . = 0x80000000

.text           0x0000000080000000     0x1220
                [!provide]                        PROVIDE (_text_start = .)
 *(.text.init)
 .text.init     0x0000000080000000      0x6ec build/boot.o
                0x0000000080000000                _start
 *(.text .text.*)
 .text          0x00000000800006ec       0x7c build/handler.o
                0x00000000800006ec                timer_handler
 .text          0x0000000080000768       0x34 build/main.o
                0x0000000080000768                kmain
 .text          0x000000008000079c       0x78 build/printf.o
                0x000000008000079c                printf
 .text          0x0000000080000814      0x75c build/sprintf.o
                0x0000000080000814                vsnprintf
                0x0000000080000e30                vsprintf
                0x0000000080000e7c                sprintf
                0x0000000080000ef4                snprintf
 .text          0x0000000080000f70      0x200 build/uart.o
                0x0000000080000f70                uart_init
                0x0000000080000fcc                putChar
                0x0000000080001008                putint
                0x0000000080001060                intTochar
                0x0000000080001094                printInt
                0x0000000080001118                print
 .text          0x0000000080001170       0xb0 build/vprintf.o
                0x0000000080001170                vprintf
                [!provide]                        PROVIDE (_text_end = .)
                [!provide]                        PROVIDE (_global_pointer = .)

.bss            0x0000000080001220        0x8
                [!provide]                        PROVIDE (_bss_start = .)
 *(.sbss .sbss.*)
 .sbss          0x0000000080001220        0x8 build/handler.o
                0x0000000080001220                roundNumer
 *(.bss .bss.*)
                [!provide]                        PROVIDE (_bss_end = .)

.rodata         0x0000000080001228      0x147
                [!provide]                        PROVIDE (_rodata_start = .)
 *(.rodata .rodata.*)
 .rodata        0x0000000080001228       0x56 build/boot.o
 *fill*         0x000000008000127e        0x2 
 .rodata        0x0000000080001280       0x25 build/handler.o
 *fill*         0x00000000800012a5        0x3 
 .rodata        0x00000000800012a8       0x1d build/main.o
 *fill*         0x00000000800012c5        0x3 
 .rodata        0x00000000800012c8       0x58 build/sprintf.o
 .rodata        0x0000000080001320       0x4f build/uart.o
                [!provide]                        PROVIDE (_rodata_end = .)

.data           0x0000000080001370     0x1890
                0x0000000080002000                . = ALIGN (0x1000)
 *fill*         0x0000000080001370      0xc90 
                [!provide]                        PROVIDE (_data_start = .)
 *(.sdata .sdata.*)
 *(.data .data.*)
 .data          0x0000000080002000      0xc00 build/boot.o
                0x0000000080002000                _scrachpad
                0x0000000080002400                _stacks
                [!provide]                        PROVIDE (_data_end = .)
                [!provide]                        PROVIDE (_memory_start = ORIGIN (ram))
                [!provide]                        PROVIDE (_memory_end = (ORIGIN (ram) + LENGTH (ram)))
                [!provide]                        PROVIDE (_heap_end = (_memory_end - 0x1000))
                [!provide]                        PROVIDE (_heap_counter = (_heap_end + 0x8))
OUTPUT(kernel.elf elf64-littleriscv)

.riscv.attributes
                0x0000000000000000       0x34
 .riscv.attributes
                0x0000000000000000       0x32 build/boot.o
 .riscv.attributes
                0x0000000000000032       0x30 build/handler.o
 .riscv.attributes
                0x0000000000000062       0x30 build/main.o
 .riscv.attributes
                0x0000000000000092       0x30 build/printf.o
 .riscv.attributes
                0x00000000000000c2       0x30 build/sprintf.o
 .riscv.attributes
                0x00000000000000f2       0x30 build/uart.o
 .riscv.attributes
                0x0000000000000122       0x30 build/vprintf.o

.comment        0x0000000000000000       0x1b
 .comment       0x0000000000000000       0x1b build/handler.o
                                         0x1c (size before relaxing)
 .comment       0x000000000000001b       0x1c build/main.o
 .comment       0x000000000000001b       0x1c build/printf.o
 .comment       0x000000000000001b       0x1c build/sprintf.o
 .comment       0x000000000000001b       0x1c build/uart.o
 .comment       0x000000000000001b       0x1c build/vprintf.o

.debug_line     0x0000000000000000      0xe48
 .debug_line    0x0000000000000000      0x498 build/boot.o
 .debug_line    0x0000000000000498       0x73 build/handler.o
 .debug_line    0x000000000000050b       0x69 build/main.o
 .debug_line    0x0000000000000574       0x88 build/printf.o
 .debug_line    0x00000000000005fc      0x640 build/sprintf.o
 .debug_line    0x0000000000000c3c      0x167 build/uart.o
 .debug_line    0x0000000000000da3       0xa5 build/vprintf.o

.debug_line_str
                0x0000000000000000      0x13b
 .debug_line_str
                0x0000000000000000       0x3f build/boot.o
 .debug_line_str
                0x000000000000003f       0x4d build/handler.o
                                         0x8d (size before relaxing)
 .debug_line_str
                0x000000000000008c       0x13 build/main.o
                                         0x4d (size before relaxing)
 .debug_line_str
                0x000000000000009f       0x67 build/printf.o
                                         0xc9 (size before relaxing)
 .debug_line_str
                0x0000000000000106       0x19 build/sprintf.o
                                         0xa6 (size before relaxing)
 .debug_line_str
                0x000000000000011f        0xc build/uart.o
                                         0x8e (size before relaxing)
 .debug_line_str
                0x000000000000012b       0x10 build/vprintf.o
                                         0xd5 (size before relaxing)

.debug_info     0x0000000000000000      0x99c
 .debug_info    0x0000000000000000       0x29 build/boot.o
 .debug_info    0x0000000000000029       0xda build/handler.o
 .debug_info    0x0000000000000103       0xbc build/main.o
 .debug_info    0x00000000000001bf      0x112 build/printf.o
 .debug_info    0x00000000000002d1      0x3a5 build/sprintf.o
 .debug_info    0x0000000000000676      0x1c6 build/uart.o
 .debug_info    0x000000000000083c      0x160 build/vprintf.o

.debug_abbrev   0x0000000000000000      0x45f
 .debug_abbrev  0x0000000000000000       0x14 build/boot.o
 .debug_abbrev  0x0000000000000014       0x96 build/handler.o
 .debug_abbrev  0x00000000000000aa       0x7e build/main.o
 .debug_abbrev  0x0000000000000128       0xb3 build/printf.o
 .debug_abbrev  0x00000000000001db       0xee build/sprintf.o
 .debug_abbrev  0x00000000000002c9       0xc7 build/uart.o
 .debug_abbrev  0x0000000000000390       0xcf build/vprintf.o

.debug_aranges  0x0000000000000000      0x150
 .debug_aranges
                0x0000000000000000       0x30 build/boot.o
 .debug_aranges
                0x0000000000000030       0x30 build/handler.o
 .debug_aranges
                0x0000000000000060       0x30 build/main.o
 .debug_aranges
                0x0000000000000090       0x30 build/printf.o
 .debug_aranges
                0x00000000000000c0       0x30 build/sprintf.o
 .debug_aranges
                0x00000000000000f0       0x30 build/uart.o
 .debug_aranges
                0x0000000000000120       0x30 build/vprintf.o

.debug_str      0x0000000000000000      0x1b8
 .debug_str     0x0000000000000000       0x29 build/boot.o
 .debug_str     0x0000000000000029       0xd2 build/handler.o
                                        0x112 (size before relaxing)
 .debug_str     0x00000000000000fb       0x16 build/main.o
                                         0xff (size before relaxing)
 .debug_str     0x0000000000000111       0x40 build/printf.o
                                        0x138 (size before relaxing)
 .debug_str     0x0000000000000151       0x3d build/sprintf.o
                                        0x130 (size before relaxing)
 .debug_str     0x000000000000018e       0x2a build/uart.o
                                        0x123 (size before relaxing)
 .debug_str     0x00000000000001b8      0x148 build/vprintf.o

.debug_frame    0x0000000000000000      0x300
 .debug_frame   0x0000000000000000       0x40 build/handler.o
 .debug_frame   0x0000000000000040       0x40 build/main.o
 .debug_frame   0x0000000000000080       0x40 build/printf.o
 .debug_frame   0x00000000000000c0       0xd0 build/sprintf.o
 .debug_frame   0x0000000000000190      0x130 build/uart.o
 .debug_frame   0x00000000000002c0       0x40 build/vprintf.o
